Archive member included to satisfy reference by file (symbol)

c:/program files (x86)/atollic/truestudio for stm32 9.0.0/armtools/bin/../lib/gcc/arm-atollic-eabi/6.3.1/../../../../arm-atollic-eabi/lib/armv7e-m/fpu\libc_nano.a(lib_a-init.o)
                              startup\startup_stm32f302xe.o (__libc_init_array)
c:/program files (x86)/atollic/truestudio for stm32 9.0.0/armtools/bin/../lib/gcc/arm-atollic-eabi/6.3.1/armv7e-m/fpu\libgcc.a(_lshrdi3.o)
                              Drivers\STM32F3xx_HAL_Driver\Src\stm32f3xx_hal_flash.o (__aeabi_llsr)

Allocating common symbols
Common symbol       size              file

servoraw            0x4               Src\main.o
timestamp           0x4               Src\main.o
hiwdg               0x10              Src\main.o
hdma_tim2_ch2_ch4   0x44              Src\main.o
uwTick              0x4               Drivers\STM32F3xx_HAL_Driver\Src\stm32f3xx_hal.o
pFlash              0x20              Drivers\STM32F3xx_HAL_Driver\Src\stm32f3xx_hal_flash.o
filter_level        0x4               Src\main.o
hcomp1              0x2c              Src\main.o
htim3               0x40              Src\main.o
hspi3               0x64              Src\main.o
bemf_counts         0x4               Src\main.o
dma_buffer          0x100             Src\main.o
htim1               0x40              Src\main.o
compit              0x4               Src\main.o
filter_delay        0x4               Src\main.o
htim2               0x40              Src\main.o
startup_throttle_limit_countdown
                    0x4               Src\main.o
htim16              0x40              Src\main.o

Discarded input sections

 .text          0x00000000        0x0 c:/program files (x86)/atollic/truestudio for stm32 9.0.0/armtools/bin/../lib/gcc/arm-atollic-eabi/6.3.1/armv7e-m/fpu/crti.o
 .data          0x00000000        0x0 c:/program files (x86)/atollic/truestudio for stm32 9.0.0/armtools/bin/../lib/gcc/arm-atollic-eabi/6.3.1/armv7e-m/fpu/crti.o
 .bss           0x00000000        0x0 c:/program files (x86)/atollic/truestudio for stm32 9.0.0/armtools/bin/../lib/gcc/arm-atollic-eabi/6.3.1/armv7e-m/fpu/crti.o
 .data          0x00000000        0x4 c:/program files (x86)/atollic/truestudio for stm32 9.0.0/armtools/bin/../lib/gcc/arm-atollic-eabi/6.3.1/armv7e-m/fpu/crtbegin.o
 .text          0x00000000        0x0 Drivers\STM32F3xx_HAL_Driver\Src\stm32f3xx_hal.o
 .data          0x00000000        0x0 Drivers\STM32F3xx_HAL_Driver\Src\stm32f3xx_hal.o
 .bss           0x00000000        0x0 Drivers\STM32F3xx_HAL_Driver\Src\stm32f3xx_hal.o
 .text.HAL_MspInit
                0x00000000        0x2 Drivers\STM32F3xx_HAL_Driver\Src\stm32f3xx_hal.o
 .text.HAL_MspDeInit
                0x00000000        0x2 Drivers\STM32F3xx_HAL_Driver\Src\stm32f3xx_hal.o
 .text.HAL_DeInit
                0x00000000       0x24 Drivers\STM32F3xx_HAL_Driver\Src\stm32f3xx_hal.o
 .text.HAL_SuspendTick
                0x00000000       0x10 Drivers\STM32F3xx_HAL_Driver\Src\stm32f3xx_hal.o
 .text.HAL_ResumeTick
                0x00000000       0x10 Drivers\STM32F3xx_HAL_Driver\Src\stm32f3xx_hal.o
 .text.HAL_GetHalVersion
                0x00000000        0x8 Drivers\STM32F3xx_HAL_Driver\Src\stm32f3xx_hal.o
 .text.HAL_GetREVID
                0x00000000        0xc Drivers\STM32F3xx_HAL_Driver\Src\stm32f3xx_hal.o
 .text.HAL_GetDEVID
                0x00000000       0x10 Drivers\STM32F3xx_HAL_Driver\Src\stm32f3xx_hal.o
 .text.HAL_GetUIDw0
                0x00000000        0xc Drivers\STM32F3xx_HAL_Driver\Src\stm32f3xx_hal.o
 .text.HAL_GetUIDw1
                0x00000000        0xc Drivers\STM32F3xx_HAL_Driver\Src\stm32f3xx_hal.o
 .text.HAL_GetUIDw2
                0x00000000        0xc Drivers\STM32F3xx_HAL_Driver\Src\stm32f3xx_hal.o
 .text.HAL_DBGMCU_EnableDBGSleepMode
                0x00000000       0x10 Drivers\STM32F3xx_HAL_Driver\Src\stm32f3xx_hal.o
 .text.HAL_DBGMCU_DisableDBGSleepMode
                0x00000000       0x10 Drivers\STM32F3xx_HAL_Driver\Src\stm32f3xx_hal.o
 .text.HAL_DBGMCU_EnableDBGStopMode
                0x00000000       0x10 Drivers\STM32F3xx_HAL_Driver\Src\stm32f3xx_hal.o
 .text.HAL_DBGMCU_DisableDBGStopMode
                0x00000000       0x10 Drivers\STM32F3xx_HAL_Driver\Src\stm32f3xx_hal.o
 .text.HAL_DBGMCU_EnableDBGStandbyMode
                0x00000000       0x10 Drivers\STM32F3xx_HAL_Driver\Src\stm32f3xx_hal.o
 .text.HAL_DBGMCU_DisableDBGStandbyMode
                0x00000000       0x10 Drivers\STM32F3xx_HAL_Driver\Src\stm32f3xx_hal.o
 .text          0x00000000        0x0 Drivers\STM32F3xx_HAL_Driver\Src\stm32f3xx_hal_comp.o
 .data          0x00000000        0x0 Drivers\STM32F3xx_HAL_Driver\Src\stm32f3xx_hal_comp.o
 .bss           0x00000000        0x0 Drivers\STM32F3xx_HAL_Driver\Src\stm32f3xx_hal_comp.o
 .text.HAL_COMP_MspInit
                0x00000000        0x2 Drivers\STM32F3xx_HAL_Driver\Src\stm32f3xx_hal_comp.o
 .text.HAL_COMP_MspDeInit
[...]
Memory Configuration

Name             Origin             Length             Attributes
RAM              0x20000000         0x00010000         xrw
FLASH            0x08000000         0x00080000         xr
*default*        0x00000000         0xffffffff

Linker script and memory map

LOAD c:/program files (x86)/atollic/truestudio for stm32 9.0.0/armtools/bin/../lib/gcc/arm-atollic-eabi/6.3.1/armv7e-m/fpu/crti.o
LOAD c:/program files (x86)/atollic/truestudio for stm32 9.0.0/armtools/bin/../lib/gcc/arm-atollic-eabi/6.3.1/armv7e-m/fpu/crtbegin.o
LOAD Drivers\STM32F3xx_HAL_Driver\Src\stm32f3xx_hal.o
LOAD Drivers\STM32F3xx_HAL_Driver\Src\stm32f3xx_hal_comp.o
LOAD Drivers\STM32F3xx_HAL_Driver\Src\stm32f3xx_hal_cortex.o
LOAD Drivers\STM32F3xx_HAL_Driver\Src\stm32f3xx_hal_dma.o
LOAD Drivers\STM32F3xx_HAL_Driver\Src\stm32f3xx_hal_flash.o
LOAD Drivers\STM32F3xx_HAL_Driver\Src\stm32f3xx_hal_flash_ex.o
LOAD Drivers\STM32F3xx_HAL_Driver\Src\stm32f3xx_hal_gpio.o
LOAD Drivers\STM32F3xx_HAL_Driver\Src\stm32f3xx_hal_i2c.o
LOAD Drivers\STM32F3xx_HAL_Driver\Src\stm32f3xx_hal_i2c_ex.o
LOAD Drivers\STM32F3xx_HAL_Driver\Src\stm32f3xx_hal_iwdg.o
LOAD Drivers\STM32F3xx_HAL_Driver\Src\stm32f3xx_hal_pwr.o
LOAD Drivers\STM32F3xx_HAL_Driver\Src\stm32f3xx_hal_pwr_ex.o
LOAD Drivers\STM32F3xx_HAL_Driver\Src\stm32f3xx_hal_rcc.o
LOAD Drivers\STM32F3xx_HAL_Driver\Src\stm32f3xx_hal_rcc_ex.o
LOAD Drivers\STM32F3xx_HAL_Driver\Src\stm32f3xx_hal_spi.o
LOAD Drivers\STM32F3xx_HAL_Driver\Src\stm32f3xx_hal_spi_ex.o
LOAD Drivers\STM32F3xx_HAL_Driver\Src\stm32f3xx_hal_tim.o
LOAD Drivers\STM32F3xx_HAL_Driver\Src\stm32f3xx_hal_tim_ex.o
LOAD Drivers\STM32F3xx_HAL_Driver\Src\stm32f3xx_ll_exti.o
LOAD Drivers\STM32F3xx_HAL_Driver\Src\stm32f3xx_ll_gpio.o
LOAD Drivers\STM32F3xx_HAL_Driver\Src\stm32f3xx_ll_utils.o
LOAD Src\main.o
LOAD Src\stm32f3xx_hal_msp.o
LOAD Src\stm32f3xx_it.o
LOAD Src\system_stm32f3xx.o
LOAD startup\startup_stm32f302xe.o
                0x00000080                malloc_getpagesize_P = 0x80
START GROUP
LOAD c:/program files (x86)/atollic/truestudio for stm32 9.0.0/armtools/bin/../lib/gcc/arm-atollic-eabi/6.3.1/../../../../arm-atollic-eabi/lib/armv7e-m/fpu\libc_nano.a
LOAD c:/program files (x86)/atollic/truestudio for stm32 9.0.0/armtools/bin/../lib/gcc/arm-atollic-eabi/6.3.1/../../../../arm-atollic-eabi/lib/armv7e-m/fpu\libm.a
END GROUP
START GROUP
LOAD c:/program files (x86)/atollic/truestudio for stm32 9.0.0/armtools/bin/../lib/gcc/arm-atollic-eabi/6.3.1/armv7e-m/fpu\libgcc.a
LOAD c:/program files (x86)/atollic/truestudio for stm32 9.0.0/armtools/bin/../lib/gcc/arm-atollic-eabi/6.3.1/../../../../arm-atollic-eabi/lib/armv7e-m/fpu\libc_nano.a
END GROUP
START GROUP
LOAD c:/program files (x86)/atollic/truestudio for stm32 9.0.0/armtools/bin/../lib/gcc/arm-atollic-eabi/6.3.1/armv7e-m/fpu\libgcc.a
LOAD c:/program files (x86)/atollic/truestudio for stm32 9.0.0/armtools/bin/../lib/gcc/arm-atollic-eabi/6.3.1/../../../../arm-atollic-eabi/lib/armv7e-m/fpu\libc_nano.a
LOAD c:/program files (x86)/atollic/truestudio for stm32 9.0.0/armtools/bin/../lib/gcc/arm-atollic-eabi/6.3.1/../../../../arm-atollic-eabi/lib/armv7e-m/fpu\libnosys.a
END GROUP
START GROUP
LOAD c:/program files (x86)/atollic/truestudio for stm32 9.0.0/armtools/bin/../lib/gcc/arm-atollic-eabi/6.3.1/armv7e-m/fpu\libgcc.a
LOAD c:/program files (x86)/atollic/truestudio for stm32 9.0.0/armtools/bin/../lib/gcc/arm-atollic-eabi/6.3.1/../../../../arm-atollic-eabi/lib/armv7e-m/fpu\libc_nano.a
LOAD c:/program files (x86)/atollic/truestudio for stm32 9.0.0/armtools/bin/../lib/gcc/arm-atollic-eabi/6.3.1/../../../../arm-atollic-eabi/lib/armv7e-m/fpu\libnosys.a
END GROUP
LOAD c:/program files (x86)/atollic/truestudio for stm32 9.0.0/armtools/bin/../lib/gcc/arm-atollic-eabi/6.3.1/armv7e-m/fpu/crtend.o
LOAD c:/program files (x86)/atollic/truestudio for stm32 9.0.0/armtools/bin/../lib/gcc/arm-atollic-eabi/6.3.1/armv7e-m/fpu/crtn.o
                0x20010000                _estack = 0x20010000
                0x00000200                _Min_Heap_Size = 0x200
                0x00000400                _Min_Stack_Size = 0x400

.isr_vector     0x08000000      0x194
                0x08000000                . = ALIGN (0x4)
 *(.isr_vector)
 .isr_vector    0x08000000      0x194 startup\startup_stm32f302xe.o
                0x08000000                g_pfnVectors
                0x08000194                . = ALIGN (0x4)

.text           0x08000194     0x3600
                0x08000194                . = ALIGN (0x4)
 *(.text)
 .text          0x08000194       0x40 c:/program files (x86)/atollic/truestudio for stm32 9.0.0/armtools/bin/../lib/gcc/arm-atollic-eabi/6.3.1/armv7e-m/fpu/crtbegin.o
 *(.text*)
 .text.HAL_InitTick
                0x080001d4       0x28 Drivers\STM32F3xx_HAL_Driver\Src\stm32f3xx_hal.o
                0x080001d4                HAL_InitTick
 .text.HAL_Init
                0x080001fc       0x24 Drivers\STM32F3xx_HAL_Driver\Src\stm32f3xx_hal.o
                0x080001fc                HAL_Init
 .text.HAL_IncTick
                0x08000220       0x10 Drivers\STM32F3xx_HAL_Driver\Src\stm32f3xx_hal.o
                0x08000220                HAL_IncTick
 .text.HAL_GetTick
                0x08000230        0xc Drivers\STM32F3xx_HAL_Driver\Src\stm32f3xx_hal.o
                0x08000230                HAL_GetTick
 .text.HAL_Delay
                0x0800023c       0x20 Drivers\STM32F3xx_HAL_Driver\Src\stm32f3xx_hal.o
                0x0800023c                HAL_Delay
 .text.HAL_COMP_Init
                0x0800025c       0xb0 Drivers\STM32F3xx_HAL_Driver\Src\stm32f3xx_hal_comp.o
                0x0800025c                HAL_COMP_Init
 .text.HAL_COMP_Stop
                0x0800030c       0x80 Drivers\STM32F3xx_HAL_Driver\Src\stm32f3xx_hal_comp.o
                0x0800030c                HAL_COMP_Stop
 .text.HAL_COMP_Start_IT
                0x0800038c       0xc8 Drivers\STM32F3xx_HAL_Driver\Src\stm32f3xx_hal_comp.o
                0x0800038c                HAL_COMP_Start_IT
 .text.HAL_COMP_Stop_IT
                0x08000454       0x60 Drivers\STM32F3xx_HAL_Driver\Src\stm32f3xx_hal_comp.o
                0x08000454                HAL_COMP_Stop_IT
 .text.HAL_COMP_IRQHandler
                0x080004b4       0x54 Drivers\STM32F3xx_HAL_Driver\Src\stm32f3xx_hal_comp.o
                0x080004b4                HAL_COMP_IRQHandler
 .text.HAL_COMP_GetOutputLevel
                0x08000508        0xa Drivers\STM32F3xx_HAL_Driver\Src\stm32f3xx_hal_comp.o
                0x08000508                HAL_COMP_GetOutputLevel
 *fill*         0x08000512        0x2 
 .text.HAL_NVIC_SetPriorityGrouping
                0x08000514       0x24 Drivers\STM32F3xx_HAL_Driver\Src\stm32f3xx_hal_cortex.o
                0x08000514                HAL_NVIC_SetPriorityGrouping
 .text.HAL_NVIC_SetPriority
                0x08000538       0x68 Drivers\STM32F3xx_HAL_Driver\Src\stm32f3xx_hal_cortex.o
                0x08000538                HAL_NVIC_SetPriority
 .text.HAL_NVIC_EnableIRQ
                0x080005a0       0x18 Drivers\STM32F3xx_HAL_Driver\Src\stm32f3xx_hal_cortex.o
                0x080005a0                HAL_NVIC_EnableIRQ
 .text.HAL_SYSTICK_Config
                0x080005b8       0x2c Drivers\STM32F3xx_HAL_Driver\Src\stm32f3xx_hal_cortex.o
                0x080005b8                HAL_SYSTICK_Config
 .text.HAL_SYSTICK_CLKSourceConfig
                0x080005e4       0x18 Drivers\STM32F3xx_HAL_Driver\Src\stm32f3xx_hal_cortex.o
                0x080005e4                HAL_SYSTICK_CLKSourceConfig
 .text.HAL_SYSTICK_Callback
                0x080005fc        0x2 Drivers\STM32F3xx_HAL_Driver\Src\stm32f3xx_hal_cortex.o
                0x080005fc                HAL_SYSTICK_Callback
 .text.HAL_SYSTICK_IRQHandler
                0x080005fe        0x8 Drivers\STM32F3xx_HAL_Driver\Src\stm32f3xx_hal_cortex.o
                0x080005fe                HAL_SYSTICK_IRQHandler
 *fill*         0x08000606        0x2 
 .text.DMA_CalcBaseAndBitshift
                0x08000608       0x44 Drivers\STM32F3xx_HAL_Driver\Src\stm32f3xx_hal_dma.o
 .text.HAL_DMA_Init
                0x0800064c       0x56 Drivers\STM32F3xx_HAL_Driver\Src\stm32f3xx_hal_dma.o
                0x0800064c                HAL_DMA_Init
 .text.HAL_DMA_Start_IT
                0x080006a2       0x7a Drivers\STM32F3xx_HAL_Driver\Src\stm32f3xx_hal_dma.o
                0x080006a2                HAL_DMA_Start_IT
 .text.HAL_DMA_IRQHandler
                0x0800071c       0x90 Drivers\STM32F3xx_HAL_Driver\Src\stm32f3xx_hal_dma.o
                0x0800071c                HAL_DMA_IRQHandler
 .text.HAL_GPIO_Init
                0x080007ac      0x1a0 Drivers\STM32F3xx_HAL_Driver\Src\stm32f3xx_hal_gpio.o
                0x080007ac                HAL_GPIO_Init
 .text.HAL_GPIO_WritePin
                0x0800094c        0xa Drivers\STM32F3xx_HAL_Driver\Src\stm32f3xx_hal_gpio.o
                0x0800094c                HAL_GPIO_WritePin
 .text.HAL_IWDG_Init
                0x08000956       0x4c Drivers\STM32F3xx_HAL_Driver\Src\stm32f3xx_hal_iwdg.o
                0x08000956                HAL_IWDG_Init
 .text.HAL_IWDG_Refresh
                0x080009a2        0xc Drivers\STM32F3xx_HAL_Driver\Src\stm32f3xx_hal_iwdg.o
                0x080009a2                HAL_IWDG_Refresh
 *fill*         0x080009ae        0x2 
 .text.HAL_RCC_OscConfig
                0x080009b0      0x4fc Drivers\STM32F3xx_HAL_Driver\Src\stm32f3xx_hal_rcc.o
                0x080009b0                HAL_RCC_OscConfig
 .text.HAL_RCC_GetSysClockFreq
                0x08000eac       0x58 Drivers\STM32F3xx_HAL_Driver\Src\stm32f3xx_hal_rcc.o
                0x08000eac                HAL_RCC_GetSysClockFreq
 .text.HAL_RCC_ClockConfig
                0x08000f04      0x184 Drivers\STM32F3xx_HAL_Driver\Src\stm32f3xx_hal_rcc.o
                0x08000f04                HAL_RCC_ClockConfig
 .text.HAL_RCC_GetHCLKFreq
                0x08001088        0xc Drivers\STM32F3xx_HAL_Driver\Src\stm32f3xx_hal_rcc.o
                0x08001088                HAL_RCC_GetHCLKFreq
 .text.HAL_RCCEx_PeriphCLKConfig
                0x08001094      0x254 Drivers\STM32F3xx_HAL_Driver\Src\stm32f3xx_hal_rcc_ex.o
                0x08001094                HAL_RCCEx_PeriphCLKConfig
 .text.SPI_WaitFifoStateUntilTimeout.part.1
                0x080012e8       0x50 Drivers\STM32F3xx_HAL_Driver\Src\stm32f3xx_hal_spi.o
 .text.SPI_WaitFlagStateUntilTimeout.constprop.10
                0x08001338       0x30 Drivers\STM32F3xx_HAL_Driver\Src\stm32f3xx_hal_spi.o
 .text.SPI_WaitFifoStateUntilTimeout.constprop.11
                0x08001368       0x40 Drivers\STM32F3xx_HAL_Driver\Src\stm32f3xx_hal_spi.o
 .text.SPI_EndRxTxTransaction
                0x080013a8       0x44 Drivers\STM32F3xx_HAL_Driver\Src\stm32f3xx_hal_spi.o
 .text.HAL_SPI_Init
                0x080013ec       0xaa Drivers\STM32F3xx_HAL_Driver\Src\stm32f3xx_hal_spi.o
                0x080013ec                HAL_SPI_Init
 .text.HAL_SPI_Transmit
                0x08001496      0x17c Drivers\STM32F3xx_HAL_Driver\Src\stm32f3xx_hal_spi.o
                0x08001496                HAL_SPI_Transmit
 .text.HAL_TIM_Base_Start
                0x08001612       0x1a Drivers\STM32F3xx_HAL_Driver\Src\stm32f3xx_hal_tim.o
                0x08001612                HAL_TIM_Base_Start
 .text.HAL_TIM_Base_Start_IT
                0x0800162c       0x16 Drivers\STM32F3xx_HAL_Driver\Src\stm32f3xx_hal_tim.o
                0x0800162c                HAL_TIM_Base_Start_IT
 .text.HAL_TIM_OC_MspInit
                0x08001642        0x2 Drivers\STM32F3xx_HAL_Driver\Src\stm32f3xx_hal_tim.o
                0x08001642                HAL_TIM_OC_MspInit
 .text.HAL_TIM_PWM_MspInit
                0x08001644        0x2 Drivers\STM32F3xx_HAL_Driver\Src\stm32f3xx_hal_tim.o
                0x08001644                HAL_TIM_PWM_MspInit
 .text.HAL_TIM_IC_MspInit
                0x08001646        0x2 Drivers\STM32F3xx_HAL_Driver\Src\stm32f3xx_hal_tim.o
                0x08001646                HAL_TIM_IC_MspInit
 .text.HAL_TIM_PeriodElapsedCallback
                0x08001648        0x2 Drivers\STM32F3xx_HAL_Driver\Src\stm32f3xx_hal_tim.o
                0x08001648                HAL_TIM_PeriodElapsedCallback
 .text.HAL_TIM_OC_DelayElapsedCallback
                0x0800164a        0x2 Drivers\STM32F3xx_HAL_Driver\Src\stm32f3xx_hal_tim.o
                0x0800164a                HAL_TIM_OC_DelayElapsedCallback
 .text.HAL_TIM_IC_CaptureCallback
                0x0800164c        0x2 Drivers\STM32F3xx_HAL_Driver\Src\stm32f3xx_hal_tim.o
                0x0800164c                HAL_TIM_IC_CaptureCallback
 .text.TIM_DMACaptureCplt
                0x0800164e       0x3c Drivers\STM32F3xx_HAL_Driver\Src\stm32f3xx_hal_tim.o
                0x0800164e                TIM_DMACaptureCplt
 .text.HAL_TIM_PWM_PulseFinishedCallback
                0x0800168a        0x2 Drivers\STM32F3xx_HAL_Driver\Src\stm32f3xx_hal_tim.o
                0x0800168a                HAL_TIM_PWM_PulseFinishedCallback
 .text.HAL_TIM_TriggerCallback
                0x0800168c        0x2 Drivers\STM32F3xx_HAL_Driver\Src\stm32f3xx_hal_tim.o
                0x0800168c                HAL_TIM_TriggerCallback
 .text.HAL_TIM_IRQHandler
                0x0800168e      0x160 Drivers\STM32F3xx_HAL_Driver\Src\stm32f3xx_hal_tim.o
                0x0800168e                HAL_TIM_IRQHandler
 .text.HAL_TIM_ErrorCallback
                0x080017ee        0x2 Drivers\STM32F3xx_HAL_Driver\Src\stm32f3xx_hal_tim.o
                0x080017ee                HAL_TIM_ErrorCallback
 .text.TIM_DMAError
                0x080017f0       0x10 Drivers\STM32F3xx_HAL_Driver\Src\stm32f3xx_hal_tim.o
                0x080017f0                TIM_DMAError
 .text.TIM_Base_SetConfig
                0x08001800       0xa4 Drivers\STM32F3xx_HAL_Driver\Src\stm32f3xx_hal_tim.o
                0x08001800                TIM_Base_SetConfig
 .text.HAL_TIM_Base_Init
                0x080018a4       0x34 Drivers\STM32F3xx_HAL_Driver\Src\stm32f3xx_hal_tim.o
                0x080018a4                HAL_TIM_Base_Init
 .text.HAL_TIM_OC_Init
                0x080018d8       0x34 Drivers\STM32F3xx_HAL_Driver\Src\stm32f3xx_hal_tim.o
                0x080018d8                HAL_TIM_OC_Init
 .text.HAL_TIM_PWM_Init
                0x0800190c       0x34 Drivers\STM32F3xx_HAL_Driver\Src\stm32f3xx_hal_tim.o
                0x0800190c                HAL_TIM_PWM_Init
 .text.HAL_TIM_IC_Init
                0x08001940       0x34 Drivers\STM32F3xx_HAL_Driver\Src\stm32f3xx_hal_tim.o
                0x08001940                HAL_TIM_IC_Init
 .text.TIM_OC1_SetConfig
                0x08001974       0x88 Drivers\STM32F3xx_HAL_Driver\Src\stm32f3xx_hal_tim.o
                0x08001974                TIM_OC1_SetConfig
 .text.TIM_OC2_SetConfig
                0x080019fc       0x78 Drivers\STM32F3xx_HAL_Driver\Src\stm32f3xx_hal_tim.o
                0x080019fc                TIM_OC2_SetConfig
 .text.TIM_OC3_SetConfig
                0x08001a74       0x78 Drivers\STM32F3xx_HAL_Driver\Src\stm32f3xx_hal_tim.o
                0x08001a74                TIM_OC3_SetConfig
 .text.TIM_OC4_SetConfig
                0x08001aec       0x60 Drivers\STM32F3xx_HAL_Driver\Src\stm32f3xx_hal_tim.o
                0x08001aec                TIM_OC4_SetConfig
 .text.TIM_TI1_SetConfig
                0x08001b4c       0x5c Drivers\STM32F3xx_HAL_Driver\Src\stm32f3xx_hal_tim.o
                0x08001b4c                TIM_TI1_SetConfig
 .text.HAL_TIM_IC_ConfigChannel
                0x08001ba8      0x110 Drivers\STM32F3xx_HAL_Driver\Src\stm32f3xx_hal_tim.o
                0x08001ba8                HAL_TIM_IC_ConfigChannel
 .text.TIM_ETR_SetConfig
                0x08001cb8       0x14 Drivers\STM32F3xx_HAL_Driver\Src\stm32f3xx_hal_tim.o
                0x08001cb8                TIM_ETR_SetConfig
 .text.HAL_TIM_ConfigClockSource
                0x08001ccc      0x16c Drivers\STM32F3xx_HAL_Driver\Src\stm32f3xx_hal_tim.o
                0x08001ccc                HAL_TIM_ConfigClockSource
 .text.TIM_CCxChannelCmd
                0x08001e38       0x18 Drivers\STM32F3xx_HAL_Driver\Src\stm32f3xx_hal_tim.o
                0x08001e38                TIM_CCxChannelCmd
 .text.HAL_TIM_PWM_Start
                0x08001e50       0x44 Drivers\STM32F3xx_HAL_Driver\Src\stm32f3xx_hal_tim.o
                0x08001e50                HAL_TIM_PWM_Start
 .text.HAL_TIM_OC_Start
                0x08001e94        0x4 Drivers\STM32F3xx_HAL_Driver\Src\stm32f3xx_hal_tim.o
                0x08001e94                HAL_TIM_OC_Start
 .text.HAL_TIM_IC_Start_DMA
                0x08001e98       0xcc Drivers\STM32F3xx_HAL_Driver\Src\stm32f3xx_hal_tim.o
                0x08001e98                HAL_TIM_IC_Start_DMA
 .text.TIM_CCxNChannelCmd
                0x08001f64       0x18 Drivers\STM32F3xx_HAL_Driver\Src\stm32f3xx_hal_tim_ex.o
 .text.TIM_OC5_SetConfig
                0x08001f7c       0x60 Drivers\STM32F3xx_HAL_Driver\Src\stm32f3xx_hal_tim_ex.o
 .text.TIM_OC6_SetConfig
                0x08001fdc       0x60 Drivers\STM32F3xx_HAL_Driver\Src\stm32f3xx_hal_tim_ex.o
 .text.HAL_TIMEx_PWMN_Start
                0x0800203c       0x22 Drivers\STM32F3xx_HAL_Driver\Src\stm32f3xx_hal_tim_ex.o
                0x0800203c                HAL_TIMEx_PWMN_Start
 .text.HAL_TIM_PWM_ConfigChannel
                0x0800205e      0x10e Drivers\STM32F3xx_HAL_Driver\Src\stm32f3xx_hal_tim_ex.o
                0x0800205e                HAL_TIM_PWM_ConfigChannel
 .text.HAL_TIMEx_MasterConfigSynchronization
                0x0800216c       0x44 Drivers\STM32F3xx_HAL_Driver\Src\stm32f3xx_hal_tim_ex.o
                0x0800216c                HAL_TIMEx_MasterConfigSynchronization
 .text.HAL_TIMEx_ConfigBreakDeadTime
                0x080021b0       0x7c Drivers\STM32F3xx_HAL_Driver\Src\stm32f3xx_hal_tim_ex.o
                0x080021b0                HAL_TIMEx_ConfigBreakDeadTime
 .text.HAL_TIMEx_CommutationCallback
                0x0800222c        0x2 Drivers\STM32F3xx_HAL_Driver\Src\stm32f3xx_hal_tim_ex.o
                0x0800222c                HAL_TIMEx_CommutationCallback
 .text.HAL_TIMEx_BreakCallback
                0x0800222e        0x2 Drivers\STM32F3xx_HAL_Driver\Src\stm32f3xx_hal_tim_ex.o
                0x0800222e                HAL_TIMEx_BreakCallback
 .text.HAL_TIMEx_Break2Callback
                0x08002230        0x2 Drivers\STM32F3xx_HAL_Driver\Src\stm32f3xx_hal_tim_ex.o
                0x08002230                HAL_TIMEx_Break2Callback
 .text.LL_GPIO_Init
                0x08002232      0x144 Drivers\STM32F3xx_HAL_Driver\Src\stm32f3xx_ll_gpio.o
                0x08002232                LL_GPIO_Init
 *fill*         0x08002376        0x2 
 .text.LL_AHB1_GRP1_EnableClock
                0x08002378       0x1c Src\main.o
 .text.LL_GPIO_SetPinMode
                0x08002394       0x2c Src\main.o
 .text.DRV8323_writeSpi
                0x080023c0       0x44 Src\main.o
                0x080023c0                DRV8323_writeSpi
 .text.DRV8323_setupSpi
                0x08002404       0x80 Src\main.o
                0x08002404                DRV8323_setupSpi
 .text.map      0x08002484       0x24 Src\main.o
                0x08002484                map
 .text.phaseA   0x080024a8       0xb0 Src\main.o
                0x080024a8                phaseA
 .text.phaseB   0x08002558       0xa4 Src\main.o
                0x08002558                phaseB
 .text.phaseC   0x080025fc       0xa8 Src\main.o
                0x080025fc                phaseC
 .text.comStep  0x080026a4       0xa8 Src\main.o
                0x080026a4                comStep
 .text.allOff   0x0800274c       0x20 Src\main.o
                0x0800274c                allOff
 .text.fullBrake
                0x0800276c       0x20 Src\main.o
                0x0800276c                fullBrake
 .text.changeCompInput
                0x0800278c       0x54 Src\main.o
                0x0800278c                changeCompInput
 .text.commutate
                0x080027e0       0x8c Src\main.o
                0x080027e0                commutate
 .text.HAL_COMP_TriggerCallback
                0x0800286c      0x190 Src\main.o
                0x0800286c                HAL_COMP_TriggerCallback
 .text.playStartupTune
                0x080029fc       0x40 Src\main.o
                0x080029fc                playStartupTune
 .text.playInputTune
                0x08002a3c       0x34 Src\main.o
                0x08002a3c                playInputTune
 .text.detectInput
                0x08002a70       0x90 Src\main.o
                0x08002a70                detectInput
 .text.computeServoInput
                0x08002b00       0x98 Src\main.o
                0x08002b00                computeServoInput
 .text.transferComplete
                0x08002b98       0x48 Src\main.o
                0x08002b98                transferComplete
 .text.startMotor
                0x08002be0       0x94 Src\main.o
                0x08002be0                startMotor
 .text.SystemClock_Config
                0x08002c74       0x90 Src\main.o
                0x08002c74                SystemClock_Config
 .text.startup.main
                0x08002d04      0x6b4 Src\main.o
                0x08002d04                main
 .text._Error_Handler
                0x080033b8        0x2 Src\main.o
                0x080033b8                _Error_Handler
 *fill*         0x080033ba        0x2 
 .text.HAL_MspInit
                0x080033bc       0x7c Src\stm32f3xx_hal_msp.o
                0x080033bc                HAL_MspInit
 .text.HAL_COMP_MspInit
                0x08003438       0x38 Src\stm32f3xx_hal_msp.o
                0x08003438                HAL_COMP_MspInit
 .text.HAL_SPI_MspInit
                0x08003470       0x4c Src\stm32f3xx_hal_msp.o
                0x08003470                HAL_SPI_MspInit
 .text.HAL_TIM_Base_MspInit
                0x080034bc      0x100 Src\stm32f3xx_hal_msp.o
                0x080034bc                HAL_TIM_Base_MspInit
 .text.HAL_TIM_MspPostInit
                0x080035bc       0x60 Src\stm32f3xx_hal_msp.o
                0x080035bc                HAL_TIM_MspPostInit
 .text.NMI_Handler
                0x0800361c        0x2 Src\stm32f3xx_it.o
                0x0800361c                NMI_Handler
 .text.HardFault_Handler
                0x0800361e        0x2 Src\stm32f3xx_it.o
                0x0800361e                HardFault_Handler
 .text.MemManage_Handler
                0x08003620        0x2 Src\stm32f3xx_it.o
                0x08003620                MemManage_Handler
 .text.BusFault_Handler
                0x08003622        0x2 Src\stm32f3xx_it.o
                0x08003622                BusFault_Handler
 .text.UsageFault_Handler
                0x08003624        0x2 Src\stm32f3xx_it.o
                0x08003624                UsageFault_Handler
 .text.SVC_Handler
                0x08003626        0x2 Src\stm32f3xx_it.o
                0x08003626                SVC_Handler
 .text.DebugMon_Handler
                0x08003628        0x2 Src\stm32f3xx_it.o
                0x08003628                DebugMon_Handler
 .text.PendSV_Handler
                0x0800362a        0x2 Src\stm32f3xx_it.o
                0x0800362a                PendSV_Handler
 .text.SysTick_Handler
                0x0800362c        0xe Src\stm32f3xx_it.o
                0x0800362c                SysTick_Handler
 *fill*         0x0800363a        0x2 
 .text.DMA1_Channel7_IRQHandler
                0x0800363c       0x14 Src\stm32f3xx_it.o
                0x0800363c                DMA1_Channel7_IRQHandler
 .text.TIM1_UP_TIM16_IRQHandler
                0x08003650       0x1c Src\stm32f3xx_it.o
                0x08003650                TIM1_UP_TIM16_IRQHandler
 .text.COMP1_2_IRQHandler
                0x0800366c        0xc Src\stm32f3xx_it.o
                0x0800366c                COMP1_2_IRQHandler
 .text.SystemInit
                0x08003678       0x68 Src\system_stm32f3xx.o
                0x08003678                SystemInit
 .text.Reset_Handler
                0x080036e0       0x50 startup\startup_stm32f302xe.o
                0x080036e0                Reset_Handler
 .text.Default_Handler
                0x08003730        0x2 startup\startup_stm32f302xe.o
                0x08003730                RTC_Alarm_IRQHandler
                0x08003730                SPI4_IRQHandler
                0x08003730                TIM1_CC_IRQHandler
                0x08003730                USB_HP_IRQHandler
                0x08003730                PVD_IRQHandler
                0x08003730                TAMP_STAMP_IRQHandler
                0x08003730                EXTI3_IRQHandler
                0x08003730                I2C3_ER_IRQHandler
                0x08003730                USB_HP_CAN_TX_IRQHandler
                0x08003730                EXTI0_IRQHandler
                0x08003730                I2C2_EV_IRQHandler
                0x08003730                FPU_IRQHandler
                0x08003730                ADC1_2_IRQHandler
                0x08003730                SPI1_IRQHandler
                0x08003730                CAN_SCE_IRQHandler
                0x08003730                TIM6_DAC_IRQHandler
                0x08003730                DMA2_Channel2_IRQHandler
                0x08003730                DMA1_Channel4_IRQHandler
                0x08003730                TIM20_TRG_COM_IRQHandler
                0x08003730                USART3_IRQHandler
                0x08003730                UART5_IRQHandler
                0x08003730                TIM4_IRQHandler
                0x08003730                CAN_RX1_IRQHandler
                0x08003730                DMA2_Channel1_IRQHandler
                0x08003730                I2C1_EV_IRQHandler
                0x08003730                DMA1_Channel6_IRQHandler
                0x08003730                UART4_IRQHandler
                0x08003730                DMA2_Channel4_IRQHandler
                0x08003730                TIM3_IRQHandler
                0x08003730                RCC_IRQHandler
                0x08003730                TIM20_UP_IRQHandler
                0x08003730                DMA1_Channel1_IRQHandler
                0x08003730                Default_Handler
                0x08003730                USBWakeUp_RMP_IRQHandler
                0x08003730                EXTI15_10_IRQHandler
                0x08003730                I2C3_EV_IRQHandler
                0x08003730                EXTI9_5_IRQHandler
                0x08003730                RTC_WKUP_IRQHandler
                0x08003730                SPI2_IRQHandler
                0x08003730                USB_LP_CAN_RX0_IRQHandler
                0x08003730                DMA2_Channel5_IRQHandler
                0x08003730                DMA1_Channel5_IRQHandler
                0x08003730                USB_LP_IRQHandler
                0x08003730                EXTI4_IRQHandler
                0x08003730                TIM1_TRG_COM_TIM17_IRQHandler
                0x08003730                DMA1_Channel3_IRQHandler
                0x08003730                WWDG_IRQHandler
                0x08003730                TIM2_IRQHandler
                0x08003730                EXTI1_IRQHandler
                0x08003730                COMP4_6_IRQHandler
                0x08003730                USART2_IRQHandler
                0x08003730                TIM20_BRK_IRQHandler
                0x08003730                I2C2_ER_IRQHandler
                0x08003730                DMA1_Channel2_IRQHandler
                0x08003730                FLASH_IRQHandler
                0x08003730                TIM20_CC_IRQHandler
                0x08003730                USART1_IRQHandler
                0x08003730                SPI3_IRQHandler
                0x08003730                I2C1_ER_IRQHandler
                0x08003730                FMC_IRQHandler
                0x08003730                USBWakeUp_IRQHandler
                0x08003730                DMA2_Channel3_IRQHandler
                0x08003730                EXTI2_TSC_IRQHandler
                0x08003730                TIM1_BRK_TIM15_IRQHandler
 *fill*         0x08003732        0x2 
 .text.__libc_init_array
                0x08003734       0x48 c:/program files (x86)/atollic/truestudio for stm32 9.0.0/armtools/bin/../lib/gcc/arm-atollic-eabi/6.3.1/../../../../arm-atollic-eabi/lib/armv7e-m/fpu\libc_nano.a(lib_a-init.o)
                0x08003734                __libc_init_array
 *(.glue_7)
 .glue_7        0x0800377c        0x0 linker stubs
 *(.glue_7t)
 .glue_7t       0x0800377c        0x0 linker stubs
 *(.eh_frame)
 .eh_frame      0x0800377c        0x0 c:/program files (x86)/atollic/truestudio for stm32 9.0.0/armtools/bin/../lib/gcc/arm-atollic-eabi/6.3.1/armv7e-m/fpu/crtbegin.o
 *(.init)
 .init          0x0800377c        0x4 c:/program files (x86)/atollic/truestudio for stm32 9.0.0/armtools/bin/../lib/gcc/arm-atollic-eabi/6.3.1/armv7e-m/fpu/crti.o
                0x0800377c                _init
 .init          0x08003780        0x8 c:/program files (x86)/atollic/truestudio for stm32 9.0.0/armtools/bin/../lib/gcc/arm-atollic-eabi/6.3.1/armv7e-m/fpu/crtn.o
 *(.fini)
 .fini          0x08003788        0x4 c:/program files (x86)/atollic/truestudio for stm32 9.0.0/armtools/bin/../lib/gcc/arm-atollic-eabi/6.3.1/armv7e-m/fpu/crti.o
                0x08003788                _fini
 .fini          0x0800378c        0x8 c:/program files (x86)/atollic/truestudio for stm32 9.0.0/armtools/bin/../lib/gcc/arm-atollic-eabi/6.3.1/armv7e-m/fpu/crtn.o
                0x08003794                . = ALIGN (0x4)
                0x08003794                _etext = .

.vfp11_veneer   0x08003794        0x0
 .vfp11_veneer  0x08003794        0x0 linker stubs

.v4_bx          0x08003794        0x0
 .v4_bx         0x08003794        0x0 linker stubs

.iplt           0x08003794        0x0
 .iplt          0x08003794        0x0 c:/program files (x86)/atollic/truestudio for stm32 9.0.0/armtools/bin/../lib/gcc/arm-atollic-eabi/6.3.1/armv7e-m/fpu/crtbegin.o

.rodata         0x08003794       0x4c
                0x08003794                . = ALIGN (0x4)
 *(.rodata)
 *(.rodata*)
 .rodata.aPLLMULFactorTable
                0x08003794       0x10 Drivers\STM32F3xx_HAL_Driver\Src\stm32f3xx_hal_rcc.o
                0x08003794                aPLLMULFactorTable
 .rodata.aPredivFactorTable
                0x080037a4       0x10 Drivers\STM32F3xx_HAL_Driver\Src\stm32f3xx_hal_rcc.o
                0x080037a4                aPredivFactorTable
 .rodata.HAL_TIM_Base_MspInit.str1.1
                0x080037b4       0x1b Src\stm32f3xx_hal_msp.o
 .rodata.AHBPrescTable
                0x080037cf       0x10 Src\system_stm32f3xx.o
                0x080037cf                AHBPrescTable
                0x080037e0                . = ALIGN (0x4)
 *fill*         0x080037df        0x1 

.rel.dyn        0x080037e0        0x0
 .rel.iplt      0x080037e0        0x0 c:/program files (x86)/atollic/truestudio for stm32 9.0.0/armtools/bin/../lib/gcc/arm-atollic-eabi/6.3.1/armv7e-m/fpu/crtbegin.o

.ARM.extab
 *(.ARM.extab* .gnu.linkonce.armextab.*)

.ARM            0x080037e0        0x0
                0x080037e0                __exidx_start = .
 *(.ARM.exidx*)
                0x080037e0                __exidx_end = .

.preinit_array  0x080037e0        0x0
                0x080037e0                PROVIDE (__preinit_array_start, .)
 *(.preinit_array*)
                0x080037e0                PROVIDE (__preinit_array_end, .)

.init_array     0x080037e0        0x4
                0x080037e0                PROVIDE (__init_array_start, .)
 *(SORT(.init_array.*))
 *(.init_array*)
 .init_array    0x080037e0        0x4 c:/program files (x86)/atollic/truestudio for stm32 9.0.0/armtools/bin/../lib/gcc/arm-atollic-eabi/6.3.1/armv7e-m/fpu/crtbegin.o
                0x080037e4                PROVIDE (__init_array_end, .)

.fini_array     0x080037e4        0x4
                [!provide]                PROVIDE (__fini_array_start, .)
 *(SORT(.fini_array.*))
 *(.fini_array*)
 .fini_array    0x080037e4        0x4 c:/program files (x86)/atollic/truestudio for stm32 9.0.0/armtools/bin/../lib/gcc/arm-atollic-eabi/6.3.1/armv7e-m/fpu/crtbegin.o
                [!provide]                PROVIDE (__fini_array_end, .)
                0x080037e8                _sidata = LOADADDR (.data)

.data           0x20000000       0x58 load address 0x080037e8
                0x20000000                . = ALIGN (0x4)
                0x20000000                _sdata = .
 *(.data)
 *(.data*)
 .data.DRV8323regCsaCtrl
                0x20000000        0x2 Src\main.o
                0x20000000                DRV8323regCsaCtrl
 .data.DRV8323regGateDrvHS
                0x20000002        0x2 Src\main.o
                0x20000002                DRV8323regGateDrvHS
 .data.DRV8323regGateDrvLS
                0x20000004        0x2 Src\main.o
                0x20000004                DRV8323regGateDrvLS
 .data.DRV8323regOcpCtrl
                0x20000006        0x2 Src\main.o
                0x20000006                DRV8323regOcpCtrl
 .data.advancedivisor
                0x20000008        0x1 Src\main.o
                0x20000008                advancedivisor
 *fill*         0x20000009        0x3 
 .data.bi_direction
                0x2000000c        0x4 Src\main.o
                0x2000000c                bi_direction
 .data.blanktime
                0x20000010        0x4 Src\main.o
                0x20000010                blanktime
 .data.brake    0x20000014        0x4 Src\main.o
                0x20000014                brake
 .data.count    0x20000018        0x4 Src\main.o
                0x20000018                count
 .data.floating
                0x2000001c        0x4 Src\main.o
                0x2000001c                floating
 .data.forward  0x20000020        0x4 Src\main.o
                0x20000020                forward
 .data.input_buffer_size
                0x20000024        0x4 Src\main.o
                0x20000024                input_buffer_size
 .data.lowside  0x20000028        0x4 Src\main.o
                0x20000028                lowside
 .data.max_servo_deviation
                0x2000002c        0x4 Src\main.o
                0x2000002c                max_servo_deviation
 .data.pwm      0x20000030        0x4 Src\main.o
                0x20000030                pwm
 .data.pwm_settle
                0x20000034        0x4 Src\main.o
                0x20000034                pwm_settle
 .data.rising   0x20000038        0x4 Src\main.o
                0x20000038                rising
 .data.signal_timeout_threshold
                0x2000003c        0x4 Src\main.o
                0x2000003c                signal_timeout_threshold
 .data.slow_decay
                0x20000040        0x1 Src\main.o
                0x20000040                slow_decay
 *fill*         0x20000041        0x3 
 .data.smallestnumber
                0x20000044        0x4 Src\main.o
                0x20000044                smallestnumber
 .data.start_com_interval
                0x20000048        0x4 Src\main.o
                0x20000048                start_com_interval
 .data.step     0x2000004c        0x4 Src\main.o
                0x2000004c                step
 .data.zc_timeout_threshold
                0x20000050        0x4 Src\main.o
                0x20000050                zc_timeout_threshold
 .data.SystemCoreClock
                0x20000054        0x4 Src\system_stm32f3xx.o
                0x20000054                SystemCoreClock
                0x20000058                . = ALIGN (0x4)
                0x20000058                _edata = .

.igot.plt       0x20000058        0x0 load address 0x08003840
 .igot.plt      0x20000058        0x0 c:/program files (x86)/atollic/truestudio for stm32 9.0.0/armtools/bin/../lib/gcc/arm-atollic-eabi/6.3.1/armv7e-m/fpu/crtbegin.o
                0x20000058                . = ALIGN (0x4)

.bss            0x20000058      0x378 load address 0x08003840
                0x20000058                _sbss = .
                0x20000058                __bss_start__ = _sbss
 *(.bss)
 .bss           0x20000058       0x1c c:/program files (x86)/atollic/truestudio for stm32 9.0.0/armtools/bin/../lib/gcc/arm-atollic-eabi/6.3.1/armv7e-m/fpu/crtbegin.o
 *(.bss*)
 .bss.DRV8323regDrvCtrl
                0x20000074        0x2 Src\main.o
                0x20000074                DRV8323regDrvCtrl
 *fill*         0x20000076        0x2 
 .bss.adjusted_input
                0x20000078        0x4 Src\main.o
                0x20000078                adjusted_input
 .bss.advance   0x2000007c        0x4 Src\main.o
                0x2000007c                advance
 .bss.armed     0x20000080        0x1 Src\main.o
                0x20000080                armed
 *fill*         0x20000081        0x3 
 .bss.armedcount
                0x20000084        0x4 Src\main.o
                0x20000084                armedcount
 .bss.commutate_count
                0x20000088        0x4 Src\main.o
                0x20000088                commutate_count
 .bss.commutation_interval
                0x2000008c        0x4 Src\main.o
                0x2000008c                commutation_interval
 .bss.duty_cycle
                0x20000090        0x4 Src\main.o
                0x20000090                duty_cycle
 .bss.error     0x20000094        0x1 Src\main.o
                0x20000094                error
 *fill*         0x20000095        0x3 
 .bss.input     0x20000098        0x4 Src\main.o
                0x20000098                input
 .bss.inputSet  0x2000009c        0x1 Src\main.o
                0x2000009c                inputSet
 *fill*         0x2000009d        0x3 
 .bss.lastzctime
                0x200000a0        0x4 Src\main.o
                0x200000a0                lastzctime
 .bss.newinput  0x200000a4        0x4 Src\main.o
                0x200000a4                newinput
 .bss.running   0x200000a8        0x4 Src\main.o
                0x200000a8                running
 .bss.sensorless
                0x200000ac        0x4 Src\main.o
                0x200000ac                sensorless
 .bss.servoPwm  0x200000b0        0x1 Src\main.o
                0x200000b0                servoPwm
 *fill*         0x200000b1        0x3 
 .bss.signaltimeout
                0x200000b4        0x4 Src\main.o
                0x200000b4                signaltimeout
 .bss.started   0x200000b8        0x4 Src\main.o
                0x200000b8                started
 .bss.startupcountdown
                0x200000bc        0x4 Src\main.o
                0x200000bc                startupcountdown
 .bss.thiszctime
                0x200000c0        0x4 Src\main.o
                0x200000c0                thiszctime
 .bss.waitTime  0x200000c4        0x4 Src\main.o
                0x200000c4                waitTime
 .bss.zctimeout
                0x200000c8        0x4 Src\main.o
                0x200000c8                zctimeout
 *(COMMON)
 COMMON         0x200000cc        0x4 Drivers\STM32F3xx_HAL_Driver\Src\stm32f3xx_hal.o
                0x200000cc                uwTick
 COMMON         0x200000d0      0x300 Src\main.o
                0x200000d0                servoraw
                0x200000d4                timestamp
                0x200000d8                hiwdg
                0x200000e8                hdma_tim2_ch2_ch4
                0x2000012c                filter_level
                0x20000130                hcomp1
                0x2000015c                htim3
                0x2000019c                hspi3
                0x20000200                bemf_counts
                0x20000204                dma_buffer
                0x20000304                htim1
                0x20000344                compit
                0x20000348                filter_delay
                0x2000034c                htim2
                0x2000038c                startup_throttle_limit_countdown
                0x20000390                htim16
                0x200003d0                . = ALIGN (0x4)
                0x200003d0                _ebss = .
                0x200003d0                __bss_end__ = _ebss

._user_heap_stack
                0x200003d0      0x600 load address 0x08003840
                0x200003d0                . = ALIGN (0x4)
                [!provide]                PROVIDE (end, .)
                [!provide]                PROVIDE (_end, .)
                0x200005d0                . = (. + _Min_Heap_Size)
 *fill*         0x200003d0      0x200 
                0x200009d0                . = (. + _Min_Stack_Size)
 *fill*         0x200005d0      0x400 
                0x200009d0                . = ALIGN (0x4)

/DISCARD/
 libc.a(*)
 libm.a(*)
 libgcc.a(*)

.ARM.attributes
                0x00000000       0x30
 *(.ARM.attributes)
 .ARM.attributes
                0x00000000       0x22 c:/program files (x86)/atollic/truestudio for stm32 9.0.0/armtools/bin/../lib/gcc/arm-atollic-eabi/6.3.1/armv7e-m/fpu/crti.o
 .ARM.attributes
                0x00000022       0x34 c:/program files (x86)/atollic/truestudio for stm32 9.0.0/armtools/bin/../lib/gcc/arm-atollic-eabi/6.3.1/armv7e-m/fpu/crtbegin.o
 .ARM.attributes
                0x00000056       0x39 Drivers\STM32F3xx_HAL_Driver\Src\stm32f3xx_hal.o
 .ARM.attributes
                0x0000008f       0x39 Drivers\STM32F3xx_HAL_Driver\Src\stm32f3xx_hal_comp.o
 .ARM.attributes
                0x000000c8       0x39 Drivers\STM32F3xx_HAL_Driver\Src\stm32f3xx_hal_cortex.o
 .ARM.attributes
                0x00000101       0x39 Drivers\STM32F3xx_HAL_Driver\Src\stm32f3xx_hal_dma.o
 .ARM.attributes
                0x0000013a       0x39 Drivers\STM32F3xx_HAL_Driver\Src\stm32f3xx_hal_gpio.o
 .ARM.attributes
                0x00000173       0x39 Drivers\STM32F3xx_HAL_Driver\Src\stm32f3xx_hal_iwdg.o
 .ARM.attributes
                0x000001ac       0x39 Drivers\STM32F3xx_HAL_Driver\Src\stm32f3xx_hal_rcc.o
 .ARM.attributes
                0x000001e5       0x39 Drivers\STM32F3xx_HAL_Driver\Src\stm32f3xx_hal_rcc_ex.o
 .ARM.attributes
                0x0000021e       0x39 Drivers\STM32F3xx_HAL_Driver\Src\stm32f3xx_hal_spi.o
 .ARM.attributes
                0x00000257       0x39 Drivers\STM32F3xx_HAL_Driver\Src\stm32f3xx_hal_tim.o
 .ARM.attributes
                0x00000290       0x39 Drivers\STM32F3xx_HAL_Driver\Src\stm32f3xx_hal_tim_ex.o
 .ARM.attributes
                0x000002c9       0x39 Drivers\STM32F3xx_HAL_Driver\Src\stm32f3xx_ll_gpio.o
 .ARM.attributes
                0x00000302       0x39 Src\main.o
 .ARM.attributes
                0x0000033b       0x39 Src\stm32f3xx_hal_msp.o
 .ARM.attributes
                0x00000374       0x39 Src\stm32f3xx_it.o
 .ARM.attributes
                0x000003ad       0x39 Src\system_stm32f3xx.o
 .ARM.attributes
                0x000003e6       0x21 startup\startup_stm32f302xe.o
 .ARM.attributes
                0x00000407       0x34 c:/program files (x86)/atollic/truestudio for stm32 9.0.0/armtools/bin/../lib/gcc/arm-atollic-eabi/6.3.1/../../../../arm-atollic-eabi/lib/armv7e-m/fpu\libc_nano.a(lib_a-init.o)
 .ARM.attributes
                0x0000043b       0x22 c:/program files (x86)/atollic/truestudio for stm32 9.0.0/armtools/bin/../lib/gcc/arm-atollic-eabi/6.3.1/armv7e-m/fpu/crtn.o
OUTPUT(F3bldc.elf elf32-littlearm)

.debug_info     0x00000000    0x18bfa
 .debug_info    0x00000000      0xfc0 Drivers\STM32F3xx_HAL_Driver\Src\stm32f3xx_hal.o
 .debug_info    0x00000fc0      0xfcb Drivers\STM32F3xx_HAL_Driver\Src\stm32f3xx_hal_comp.o
 .debug_info    0x00001f8b     0x16be Drivers\STM32F3xx_HAL_Driver\Src\stm32f3xx_hal_cortex.o
 .debug_info    0x00003649     0x1061 Drivers\STM32F3xx_HAL_Driver\Src\stm32f3xx_hal_dma.o
 .debug_info    0x000046aa      0xf0a Drivers\STM32F3xx_HAL_Driver\Src\stm32f3xx_hal_gpio.o
 .debug_info    0x000055b4      0xae8 Drivers\STM32F3xx_HAL_Driver\Src\stm32f3xx_hal_iwdg.o
 .debug_info    0x0000609c     0x1b25 Drivers\STM32F3xx_HAL_Driver\Src\stm32f3xx_hal_rcc.o
 .debug_info    0x00007bc1      0xf22 Drivers\STM32F3xx_HAL_Driver\Src\stm32f3xx_hal_rcc_ex.o
 .debug_info    0x00008ae3     0x281b Drivers\STM32F3xx_HAL_Driver\Src\stm32f3xx_hal_spi.o
 .debug_info    0x0000b2fe     0x3d38 Drivers\STM32F3xx_HAL_Driver\Src\stm32f3xx_hal_tim.o
 .debug_info    0x0000f036     0x1d64 Drivers\STM32F3xx_HAL_Driver\Src\stm32f3xx_hal_tim_ex.o
 .debug_info    0x00010d9a     0x1166 Drivers\STM32F3xx_HAL_Driver\Src\stm32f3xx_ll_gpio.o
 .debug_info    0x00011f00     0x3559 Src\main.o
 .debug_info    0x00015459     0x1a51 Src\stm32f3xx_hal_msp.o
 .debug_info    0x00016eaa     0x109b Src\stm32f3xx_it.o
 .debug_info    0x00017f45      0xc48 Src\system_stm32f3xx.o
 .debug_info    0x00018b8d       0x6d startup\startup_stm32f302xe.o

.debug_abbrev   0x00000000     0x2ff0
 .debug_abbrev  0x00000000      0x2c2 Drivers\STM32F3xx_HAL_Driver\Src\stm32f3xx_hal.o
 .debug_abbrev  0x000002c2      0x2f1 Drivers\STM32F3xx_HAL_Driver\Src\stm32f3xx_hal_comp.o
 .debug_abbrev  0x000005b3      0x38c Drivers\STM32F3xx_HAL_Driver\Src\stm32f3xx_hal_cortex.o
 .debug_abbrev  0x0000093f      0x2c1 Drivers\STM32F3xx_HAL_Driver\Src\stm32f3xx_hal_dma.o
 .debug_abbrev  0x00000c00      0x277 Drivers\STM32F3xx_HAL_Driver\Src\stm32f3xx_hal_gpio.o
 .debug_abbrev  0x00000e77      0x1f3 Drivers\STM32F3xx_HAL_Driver\Src\stm32f3xx_hal_iwdg.o
 .debug_abbrev  0x0000106a      0x354 Drivers\STM32F3xx_HAL_Driver\Src\stm32f3xx_hal_rcc.o
 .debug_abbrev  0x000013be      0x327 Drivers\STM32F3xx_HAL_Driver\Src\stm32f3xx_hal_rcc_ex.o
 .debug_abbrev  0x000016e5      0x398 Drivers\STM32F3xx_HAL_Driver\Src\stm32f3xx_hal_spi.o
 .debug_abbrev  0x00001a7d      0x3ba Drivers\STM32F3xx_HAL_Driver\Src\stm32f3xx_hal_tim.o
 .debug_abbrev  0x00001e37      0x31c Drivers\STM32F3xx_HAL_Driver\Src\stm32f3xx_hal_tim_ex.o
 .debug_abbrev  0x00002153      0x310 Drivers\STM32F3xx_HAL_Driver\Src\stm32f3xx_ll_gpio.o
 .debug_abbrev  0x00002463      0x4c5 Src\main.o
 .debug_abbrev  0x00002928      0x29d Src\stm32f3xx_hal_msp.o
 .debug_abbrev  0x00002bc5      0x240 Src\stm32f3xx_it.o
 .debug_abbrev  0x00002e05      0x1d9 Src\system_stm32f3xx.o
 .debug_abbrev  0x00002fde       0x12 startup\startup_stm32f302xe.o

.debug_loc      0x00000000     0x86e2
 .debug_loc     0x00000000       0x69 Drivers\STM32F3xx_HAL_Driver\Src\stm32f3xx_hal.o
 .debug_loc     0x00000069      0x3b3 Drivers\STM32F3xx_HAL_Driver\Src\stm32f3xx_hal_comp.o
 .debug_loc     0x0000041c      0x4fb Drivers\STM32F3xx_HAL_Driver\Src\stm32f3xx_hal_cortex.o
 .debug_loc     0x00000917      0x5a6 Drivers\STM32F3xx_HAL_Driver\Src\stm32f3xx_hal_dma.o
 .debug_loc     0x00000ebd      0x2b7 Drivers\STM32F3xx_HAL_Driver\Src\stm32f3xx_hal_gpio.o
 .debug_loc     0x00001174       0x68 Drivers\STM32F3xx_HAL_Driver\Src\stm32f3xx_hal_iwdg.o
 .debug_loc     0x000011dc      0x92c Drivers\STM32F3xx_HAL_Driver\Src\stm32f3xx_hal_rcc.o
 .debug_loc     0x00001b08      0x77f Drivers\STM32F3xx_HAL_Driver\Src\stm32f3xx_hal_rcc_ex.o
 .debug_loc     0x00002287     0x1888 Drivers\STM32F3xx_HAL_Driver\Src\stm32f3xx_hal_spi.o
 .debug_loc     0x00003b0f     0x31ea Drivers\STM32F3xx_HAL_Driver\Src\stm32f3xx_hal_tim.o
 .debug_loc     0x00006cf9      0xe85 Drivers\STM32F3xx_HAL_Driver\Src\stm32f3xx_hal_tim_ex.o
 .debug_loc     0x00007b7e      0x476 Drivers\STM32F3xx_HAL_Driver\Src\stm32f3xx_ll_gpio.o
 .debug_loc     0x00007ff4      0x4c8 Src\main.o
 .debug_loc     0x000084bc      0x131 Src\stm32f3xx_hal_msp.o
 .debug_loc     0x000085ed       0xf5 Src\system_stm32f3xx.o

.debug_aranges  0x00000000      0xae0
 .debug_aranges
                0x00000000       0xc0 Drivers\STM32F3xx_HAL_Driver\Src\stm32f3xx_hal.o
 .debug_aranges
                0x000000c0       0x70 Drivers\STM32F3xx_HAL_Driver\Src\stm32f3xx_hal_comp.o
 .debug_aranges
                0x00000130       0xa8 Drivers\STM32F3xx_HAL_Driver\Src\stm32f3xx_hal_cortex.o
 .debug_aranges
                0x000001d8       0x80 Drivers\STM32F3xx_HAL_Driver\Src\stm32f3xx_hal_dma.o
 .debug_aranges
                0x00000258       0x58 Drivers\STM32F3xx_HAL_Driver\Src\stm32f3xx_hal_gpio.o
 .debug_aranges
                0x000002b0       0x28 Drivers\STM32F3xx_HAL_Driver\Src\stm32f3xx_hal_iwdg.o
 .debug_aranges
                0x000002d8       0x88 Drivers\STM32F3xx_HAL_Driver\Src\stm32f3xx_hal_rcc.o
 .debug_aranges
                0x00000360       0x38 Drivers\STM32F3xx_HAL_Driver\Src\stm32f3xx_hal_rcc_ex.o
 .debug_aranges
                0x00000398      0x198 Drivers\STM32F3xx_HAL_Driver\Src\stm32f3xx_hal_spi.o
 .debug_aranges
                0x00000530      0x268 Drivers\STM32F3xx_HAL_Driver\Src\stm32f3xx_hal_tim.o
 .debug_aranges
                0x00000798      0x120 Drivers\STM32F3xx_HAL_Driver\Src\stm32f3xx_hal_tim_ex.o
 .debug_aranges
                0x000008b8       0x40 Drivers\STM32F3xx_HAL_Driver\Src\stm32f3xx_ll_gpio.o
 .debug_aranges
                0x000008f8       0xe0 Src\main.o
 .debug_aranges
                0x000009d8       0x58 Src\stm32f3xx_hal_msp.o
 .debug_aranges
                0x00000a30       0x60 Src\stm32f3xx_it.o
 .debug_aranges
                0x00000a90       0x28 Src\system_stm32f3xx.o
 .debug_aranges
                0x00000ab8       0x28 startup\startup_stm32f302xe.o

.debug_ranges   0x00000000     0x1020
 .debug_ranges  0x00000000       0xb0 Drivers\STM32F3xx_HAL_Driver\Src\stm32f3xx_hal.o
 .debug_ranges  0x000000b0       0x90 Drivers\STM32F3xx_HAL_Driver\Src\stm32f3xx_hal_comp.o
 .debug_ranges  0x00000140      0x138 Drivers\STM32F3xx_HAL_Driver\Src\stm32f3xx_hal_cortex.o
 .debug_ranges  0x00000278       0xa8 Drivers\STM32F3xx_HAL_Driver\Src\stm32f3xx_hal_dma.o
 .debug_ranges  0x00000320       0x68 Drivers\STM32F3xx_HAL_Driver\Src\stm32f3xx_hal_gpio.o
 .debug_ranges  0x00000388       0x18 Drivers\STM32F3xx_HAL_Driver\Src\stm32f3xx_hal_iwdg.o
 .debug_ranges  0x000003a0      0x1f0 Drivers\STM32F3xx_HAL_Driver\Src\stm32f3xx_hal_rcc.o
 .debug_ranges  0x00000590       0x78 Drivers\STM32F3xx_HAL_Driver\Src\stm32f3xx_hal_rcc_ex.o
 .debug_ranges  0x00000608      0x248 Drivers\STM32F3xx_HAL_Driver\Src\stm32f3xx_hal_spi.o
 .debug_ranges  0x00000850      0x348 Drivers\STM32F3xx_HAL_Driver\Src\stm32f3xx_hal_tim.o
 .debug_ranges  0x00000b98      0x110 Drivers\STM32F3xx_HAL_Driver\Src\stm32f3xx_hal_tim_ex.o
 .debug_ranges  0x00000ca8       0x78 Drivers\STM32F3xx_HAL_Driver\Src\stm32f3xx_ll_gpio.o
 .debug_ranges  0x00000d20      0x1c8 Src\main.o
 .debug_ranges  0x00000ee8       0xb0 Src\stm32f3xx_hal_msp.o
 .debug_ranges  0x00000f98       0x50 Src\stm32f3xx_it.o
 .debug_ranges  0x00000fe8       0x18 Src\system_stm32f3xx.o
 .debug_ranges  0x00001000       0x20 startup\startup_stm32f302xe.o

.debug_line     0x00000000     0x6aa4
 .debug_line    0x00000000      0x43c Drivers\STM32F3xx_HAL_Driver\Src\stm32f3xx_hal.o
 .debug_line    0x0000043c      0x549 Drivers\STM32F3xx_HAL_Driver\Src\stm32f3xx_hal_comp.o
 .debug_line    0x00000985      0x4de Drivers\STM32F3xx_HAL_Driver\Src\stm32f3xx_hal_cortex.o
 .debug_line    0x00000e63      0x588 Drivers\STM32F3xx_HAL_Driver\Src\stm32f3xx_hal_dma.o
 .debug_line    0x000013eb      0x486 Drivers\STM32F3xx_HAL_Driver\Src\stm32f3xx_hal_gpio.o
 .debug_line    0x00001871      0x318 Drivers\STM32F3xx_HAL_Driver\Src\stm32f3xx_hal_iwdg.o
 .debug_line    0x00001b89      0x888 Drivers\STM32F3xx_HAL_Driver\Src\stm32f3xx_hal_rcc.o
 .debug_line    0x00002411      0x583 Drivers\STM32F3xx_HAL_Driver\Src\stm32f3xx_hal_rcc_ex.o
 .debug_line    0x00002994      0xd29 Drivers\STM32F3xx_HAL_Driver\Src\stm32f3xx_hal_spi.o
 .debug_line    0x000036bd     0x11fd Drivers\STM32F3xx_HAL_Driver\Src\stm32f3xx_hal_tim.o
 .debug_line    0x000048ba      0x905 Drivers\STM32F3xx_HAL_Driver\Src\stm32f3xx_hal_tim_ex.o
 .debug_line    0x000051bf      0x443 Drivers\STM32F3xx_HAL_Driver\Src\stm32f3xx_ll_gpio.o
 .debug_line    0x00005602      0x99c Src\main.o
 .debug_line    0x00005f9e      0x44e Src\stm32f3xx_hal_msp.o
 .debug_line    0x000063ec      0x38d Src\stm32f3xx_it.o
 .debug_line    0x00006779      0x2ac Src\system_stm32f3xx.o
 .debug_line    0x00006a25       0x7f startup\startup_stm32f302xe.o

.debug_str      0x00000000     0x4356
 .debug_str     0x00000000      0xc9e Drivers\STM32F3xx_HAL_Driver\Src\stm32f3xx_hal.o
                                0xd44 (size before relaxing)
 .debug_str     0x00000c9e      0x2c3 Drivers\STM32F3xx_HAL_Driver\Src\stm32f3xx_hal_comp.o
                                0x9b9 (size before relaxing)
 .debug_str     0x00000f61      0x3e6 Drivers\STM32F3xx_HAL_Driver\Src\stm32f3xx_hal_cortex.o
                                0xf97 (size before relaxing)
 .debug_str     0x00001347      0x3d2 Drivers\STM32F3xx_HAL_Driver\Src\stm32f3xx_hal_dma.o
                                0xac3 (size before relaxing)
 .debug_str     0x00001719      0x187 Drivers\STM32F3xx_HAL_Driver\Src\stm32f3xx_hal_gpio.o
                                0x8e5 (size before relaxing)
 .debug_str     0x000018a0       0xa2 Drivers\STM32F3xx_HAL_Driver\Src\stm32f3xx_hal_iwdg.o
                                0x73b (size before relaxing)
 .debug_str     0x00001942      0x30d Drivers\STM32F3xx_HAL_Driver\Src\stm32f3xx_hal_rcc.o
                                0xab3 (size before relaxing)
 .debug_str     0x00001c4f      0x27e Drivers\STM32F3xx_HAL_Driver\Src\stm32f3xx_hal_rcc_ex.o
                                0xa0c (size before relaxing)
 .debug_str     0x00001ecd      0x734 Drivers\STM32F3xx_HAL_Driver\Src\stm32f3xx_hal_spi.o
                               0x1001 (size before relaxing)
 .debug_str     0x00002601      0xf77 Drivers\STM32F3xx_HAL_Driver\Src\stm32f3xx_hal_tim.o
                               0x1858 (size before relaxing)
 .debug_str     0x00003578      0x59b Drivers\STM32F3xx_HAL_Driver\Src\stm32f3xx_hal_tim_ex.o
                               0x128b (size before relaxing)
 .debug_str     0x00003b13      0x171 Drivers\STM32F3xx_HAL_Driver\Src\stm32f3xx_ll_gpio.o
                                0x86f (size before relaxing)
 .debug_str     0x00003c84      0x572 Src\main.o
                               0x1ff1 (size before relaxing)
 .debug_str     0x000041f6       0x25 Src\stm32f3xx_hal_msp.o
                               0x1372 (size before relaxing)
 .debug_str     0x0000421b       0xeb Src\stm32f3xx_it.o
                                0xc8b (size before relaxing)
 .debug_str     0x00004306       0x50 Src\system_stm32f3xx.o
                                0x738 (size before relaxing)

.comment        0x00000000       0x7c
 .comment       0x00000000       0x7c Drivers\STM32F3xx_HAL_Driver\Src\stm32f3xx_hal.o
                                 0x7d (size before relaxing)
 .comment       0x0000007c       0x7d Drivers\STM32F3xx_HAL_Driver\Src\stm32f3xx_hal_comp.o
 .comment       0x0000007c       0x7d Drivers\STM32F3xx_HAL_Driver\Src\stm32f3xx_hal_cortex.o
 .comment       0x0000007c       0x7d Drivers\STM32F3xx_HAL_Driver\Src\stm32f3xx_hal_dma.o
 .comment       0x0000007c       0x7d Drivers\STM32F3xx_HAL_Driver\Src\stm32f3xx_hal_gpio.o
 .comment       0x0000007c       0x7d Drivers\STM32F3xx_HAL_Driver\Src\stm32f3xx_hal_iwdg.o
 .comment       0x0000007c       0x7d Drivers\STM32F3xx_HAL_Driver\Src\stm32f3xx_hal_rcc.o
 .comment       0x0000007c       0x7d Drivers\STM32F3xx_HAL_Driver\Src\stm32f3xx_hal_rcc_ex.o
 .comment       0x0000007c       0x7d Drivers\STM32F3xx_HAL_Driver\Src\stm32f3xx_hal_spi.o
 .comment       0x0000007c       0x7d Drivers\STM32F3xx_HAL_Driver\Src\stm32f3xx_hal_tim.o
 .comment       0x0000007c       0x7d Drivers\STM32F3xx_HAL_Driver\Src\stm32f3xx_hal_tim_ex.o
 .comment       0x0000007c       0x7d Drivers\STM32F3xx_HAL_Driver\Src\stm32f3xx_ll_gpio.o
 .comment       0x0000007c       0x7d Src\main.o
 .comment       0x0000007c       0x7d Src\stm32f3xx_hal_msp.o
 .comment       0x0000007c       0x7d Src\stm32f3xx_it.o
 .comment       0x0000007c       0x7d Src\system_stm32f3xx.o

.debug_frame    0x00000000     0x2090
 .debug_frame   0x00000000      0x194 Drivers\STM32F3xx_HAL_Driver\Src\stm32f3xx_hal.o
 .debug_frame   0x00000194      0x138 Drivers\STM32F3xx_HAL_Driver\Src\stm32f3xx_hal_comp.o
 .debug_frame   0x000002cc      0x158 Drivers\STM32F3xx_HAL_Driver\Src\stm32f3xx_hal_cortex.o
 .debug_frame   0x00000424      0x15c Drivers\STM32F3xx_HAL_Driver\Src\stm32f3xx_hal_dma.o
 .debug_frame   0x00000580       0xd8 Drivers\STM32F3xx_HAL_Driver\Src\stm32f3xx_hal_gpio.o
 .debug_frame   0x00000658       0x3c Drivers\STM32F3xx_HAL_Driver\Src\stm32f3xx_hal_iwdg.o
 .debug_frame   0x00000694      0x138 Drivers\STM32F3xx_HAL_Driver\Src\stm32f3xx_hal_rcc.o
 .debug_frame   0x000007cc       0xb8 Drivers\STM32F3xx_HAL_Driver\Src\stm32f3xx_hal_rcc_ex.o
 .debug_frame   0x00000884      0x5bc Drivers\STM32F3xx_HAL_Driver\Src\stm32f3xx_hal_spi.o
 .debug_frame   0x00000e40      0x8b0 Drivers\STM32F3xx_HAL_Driver\Src\stm32f3xx_hal_tim.o
 .debug_frame   0x000016f0      0x3e4 Drivers\STM32F3xx_HAL_Driver\Src\stm32f3xx_hal_tim_ex.o
 .debug_frame   0x00001ad4       0x7c Drivers\STM32F3xx_HAL_Driver\Src\stm32f3xx_ll_gpio.o
 .debug_frame   0x00001b50      0x2ec Src\main.o
 .debug_frame   0x00001e3c       0xfc Src\stm32f3xx_hal_msp.o
 .debug_frame   0x00001f38       0xf4 Src\stm32f3xx_it.o
 .debug_frame   0x0000202c       0x38 Src\system_stm32f3xx.o
 .debug_frame   0x00002064       0x2c c:/program files (x86)/atollic/truestudio for stm32 9.0.0/armtools/bin/../lib/gcc/arm-atollic-eabi/6.3.1/../../../../arm-atollic-eabi/lib/armv7e-m/fpu\libc_nano.a(lib_a-init.o)
