stm32f3xx_ll_bus.h:303:22:LL_AHB1_GRP1_EnableClock	8	static
stm32f3xx_ll_gpio.h:289:22:LL_GPIO_SetPinMode	12	static
main.c:195:6:DRV8323_writeSpi	24	static
main.c:205:10:DRV8323_readSpi	32	static
main.c:217:6:DRV8323_setupSpi	8	static
main.c:243:6:map	12	static
main.c:259:6:phaseA	16	static
main.c:287:6:phaseB	16	static
main.c:315:6:phaseC	16	static
main.c:347:6:comStep	8	static
main.c:387:6:allOff	8	static
main.c:393:6:fullBrake	8	static
main.c:403:6:changeCompInput	8	static
main.c:433:6:commutate	8	static
main.c:466:6:HAL_COMP_TriggerCallback	32	static
main.c:588:6:playStartupTune	8	static
main.c:603:6:playInputTune	16	static
main.c:616:6:getADCs	0	static
main.c:628:6:detectInput	24	static
main.c:656:6:computeServoInput	24	static
main.c:680:6:transferComplete	8	static
main.c:691:6:startMotor	32	static
main.c:1023:6:SystemClock_Config	144	static
main.c:738:5:main	160	static
main.c:1416:6:_Error_Handler	0	static
