stm32f3xx_ll_bus.h:303:22:LL_AHB1_GRP1_EnableClock	8	static
stm32f3xx_ll_gpio.h:289:22:LL_GPIO_SetPinMode	12	static
main.c:159:6:DRV8323_writeSpi	24	static
main.c:169:10:DRV8323_readSpi	32	static
main.c:181:6:DRV8323_setupSpi	8	static
main.c:207:6:map	12	static
main.c:223:6:phaseA	16	static
main.c:251:6:phaseB	16	static
main.c:279:6:phaseC	16	static
main.c:311:6:comStep	8	static
main.c:351:6:allOff	8	static
main.c:357:6:fullBrake	8	static
main.c:367:6:changeCompInput	8	static
main.c:397:6:commutate	8	static
main.c:430:6:HAL_COMP_TriggerCallback	32	static
main.c:520:6:playStartupTune	8	static
main.c:535:6:playInputTune	16	static
main.c:548:6:getADCs	0	static
main.c:560:6:detectInput	24	static
main.c:588:6:computeServoInput	24	static
main.c:612:6:transferComplete	8	static
main.c:623:6:startMotor	32	static
main.c:1011:6:SystemClock_Config	144	static
main.c:670:5:main	160	static
main.c:1404:6:_Error_Handler	0	static
